[backblue.gif]
[fade.gif]
[index.html]
[kb.dubaided.gov.ae/main11_files/filelist.xml]
[kb.dubaided.gov.ae/main11_files/preview.wmf]
[kb.dubaided.gov.ae/main11_files/colorschememapping.xml]
[kb.dubaided.gov.ae/main11_files/themedata.thmx]
[kb.dubaided.gov.ae/index.html]
[kb.dubaided.gov.ae/ded/DED book1.html]
[file/C_/Users/ahmed.farghali/Desktop/httpskb.dubaided.gov.ae/kb/kb.dubaided.gov.ae/FDI/FDI_Services_Arabic.html]
[file/C_/Users/ahmed.farghali/Desktop/httpskb.dubaided.gov.ae/kb/kb.dubaided.gov.ae/FDI/FDI_Services_Arabic_files/filelist.xml]
[file/C_/Users/ahmed.farghali/Desktop/httpskb.dubaided.gov.ae/kb/kb.dubaided.gov.ae/kb/free zones.html]
[file/C_/Users/ahmed.farghali/Desktop/httpskb.dubaided.gov.ae/kb/kb.dubaided.gov.ae/FDI/FDI_Services_Arabic_files/themedata.thmx]
[file/C_/Users/ahmed.farghali/Desktop/httpskb.dubaided.gov.ae/kb/kb.dubaided.gov.ae/FDI/FDI_Services_Arabic_files/colorschememapping.xml]
[kb.dubaided.gov.ae/main11_files/editdata.html]
[kb.dubaided.gov.ae/Electrical Notice Board.html]
[file/C_/Users/ahmed.farghali/Desktop/httpskb.dubaided.gov.ae/kb/kb.dubaided.gov.ae/kb/free zones_files/filelist.xml]
[file/C_/Users/ahmed.farghali/Desktop/httpskb.dubaided.gov.ae/kb/kb.dubaided.gov.ae/kb/free zones_files/preview.wmf]
[kb.dubaided.gov.ae/kb/left11.html]
[file/C_/Users/ahmed.farghali/Desktop/httpskb.dubaided.gov.ae/kb/kb.dubaided.gov.ae/kb/free zones_files/item0008.xml]
[file/C_/Users/ahmed.farghali/Desktop/httpskb.dubaided.gov.ae/kb/kb.dubaided.gov.ae/kb/free zones_files/themedata.thmx]
[file/C_/Users/ahmed.farghali/Desktop/httpskb.dubaided.gov.ae/kb/kb.dubaided.gov.ae/kb/free zones_files/colorschememapping.xml]
[file/C_/Users/ahmed.farghali/Desktop/httpskb.dubaided.gov.ae/kb/kb.dubaided.gov.ae/kb/free zones_files/image002.jpg]
[kb.dubaided.gov.ae/kb/left11_files/filelist.xml]
[kb.dubaided.gov.ae/kb/left11_files/item0007.xml]
[kb.dubaided.gov.ae/M.html]
[kb.dubaided.gov.ae/kb/bottom.html]
[kb.dubaided.gov.ae/kb/right11.html]
[kb.dubaided.gov.ae/kb/left11_files/themedata.thmx]
[kb.dubaided.gov.ae/Search.ClientControls.html]
[kb.dubaided.gov.ae/kb/left11_files/colorschememapping.xml]
[file/C_/Users/ahmed.farghali/Desktop/httpskb.dubaided.gov.ae/kb/kb.dubaided.gov.ae/FDI/FDI_Services_English.html]
[kb.dubaided.gov.ae/kb/FDIDubai.oft]
[kb.dubaided.gov.ae/kb/DubaiExportRequest.oft]
[file/C_/Users/ahmed.farghali/Desktop/httpskb.dubaided.gov.ae/kb/kb.dubaided.gov.ae/kb/free zones_files/editdata.html]
[kb.dubaided.gov.ae/M_files/filelist.xml]
[kb.dubaided.gov.ae/M_files/item0001.xml]
[kb.dubaided.gov.ae/M_files/themedata.thmx]
[kb.dubaided.gov.ae/M_files/colorschememapping.xml]
[kb.dubaided.gov.ae/consumer protection/interface E.html]
[kb.dubaided.gov.ae/M_files/image004.png]
[kb.dubaided.gov.ae/kb/bottom_files/filelist.xml]
[kb.dubaided.gov.ae/M_files/image002.jpg]
[kb.dubaided.gov.ae/kb/free zones.html]
[kb.dubaided.gov.ae/M_files/editdata.html]
[kb.dubaided.gov.ae/kb/bottom_files/themedata.thmx]
[kb.dubaided.gov.ae/kb/bottom_files/colorschememapping.xml]
[kb.dubaided.gov.ae/kb/right11_files/filelist.xml]
[kb.dubaided.gov.ae/kb/right11_files/themedata.thmx]
[file/C_/Users/ahmed.farghali/Desktop/httpskb.dubaided.gov.ae/kb/kb.dubaided.gov.ae/FDI/FDI_Services_English_files/filelist.xml]
[file/C_/Users/ahmed.farghali/Desktop/httpskb.dubaided.gov.ae/kb/kb.dubaided.gov.ae/FDI/FDI_Services_English_files/themedata.thmx]
[file/C_/Users/ahmed.farghali/Desktop/httpskb.dubaided.gov.ae/kb/kb.dubaided.gov.ae/FDI/FDI_Services_English_files/colorschememapping.xml]
[kb.dubaided.gov.ae/kb/right11_files/colorschememapping.xml]
[kb.dubaided.gov.ae/consumer protection/interface E_files/filelist.xml]
[kb.dubaided.gov.ae/consumer protection/interface.html]
[kb.dubaided.gov.ae/consumer protection/interface E_files/preview.wmf]
[kb.dubaided.gov.ae/consumer protection/interface E_files/themedata.thmx]
[kb.dubaided.gov.ae/FDI/FDI_Services_Arabic.html]
[kb.dubaided.gov.ae/kb/DEServiceGuide.html]
[kb.dubaided.gov.ae/consumer protection/interface E_files/colorschememapping.xml]
[kb.dubaided.gov.ae/consumer protection/main BP.html]
[kb.dubaided.gov.ae/kb/free zones_files/filelist.xml]
[kb.dubaided.gov.ae/kb/free zones_files/preview.wmf]
[kb.dubaided.gov.ae/kb/free zones_files/themedata.thmx]
[kb.dubaided.gov.ae/kb/free zones_files/item0008.xml]
[kb.dubaided.gov.ae/kb/free zones_files/image002.jpg]
[kb.dubaided.gov.ae/kb/free zones_files/colorschememapping.xml]
[kb.dubaided.gov.ae/consumer protection/interface_files/filelist.xml]
[kb.dubaided.gov.ae/consumer protection/CR E.html]
[kb.dubaided.gov.ae/consumer protection/interface_files/themedata.thmx]
[kb.dubaided.gov.ae/consumer protection/interface_files/colorschememapping.xml]
[kb.dubaided.gov.ae/consumer protection/interface_files/preview.wmf]
[kb.dubaided.gov.ae/consumer protection/Intellectual property.html]
[kb.dubaided.gov.ae/consumer protection/Inspection Centers.html]
[kb.dubaided.gov.ae/FDI/FDI_Services_Arabic_files/filelist.xml]
[kb.dubaided.gov.ae/FDI/FDI_Services_Arabic_files/themedata.thmx]
[kb.dubaided.gov.ae/FDI/FDI_Services_Arabic_files/colorschememapping.xml]
[kb.dubaided.gov.ae/consumer protection/Precautionary measures.html]
[kb.dubaided.gov.ae/consumer protection/main BP_files/filelist.xml]
[kb.dubaided.gov.ae/consumer protection/Friendly Standards.html]
[kb.dubaided.gov.ae/kb/free zones_files/editdata.html]
[kb.dubaided.gov.ae/consumer protection/main BP_files/colorschememapping.xml]
[kb.dubaided.gov.ae/consumer protection/main BP_files/image004.jpg]
[kb.dubaided.gov.ae/consumer protection/main BP_files/themedata.thmx]
[kb.dubaided.gov.ae/consumer protection/حمايةالأعمال.html]
[kb.dubaided.gov.ae/consumer protection/main BP_files/image005.jpg]
[kb.dubaided.gov.ae/consumer protection/CR E_files/filelist.xml]
[kb.dubaided.gov.ae/consumer protection/CR E_files/item0008.xml]
[kb.dubaided.gov.ae/consumer protection/main CC.html]
[kb.dubaided.gov.ae/consumer protection/CR E_files/themedata.thmx]
[kb.dubaided.gov.ae/consumer protection/CR E_files/colorschememapping.xml]
[kb.dubaided.gov.ae/consumer protection/الملكية الفكرية.html]
[kb.dubaided.gov.ae/consumer protection/مراكز التفتيش.html]
[kb.dubaided.gov.ae/consumer protection/الإجراءات الاحترازية.html]
[kb.dubaided.gov.ae/consumer protection/BlueBook_E.pdf]
[kb.dubaided.gov.ae/consumer protection/المعايير الصديقة للمستهلك.html]
[kb.dubaided.gov.ae/main11.html]
[kb.dubaided.gov.ae/FDI/FDI_Services_English.html]
[kb.dubaided.gov.ae/consumer protection/CR E_files/image002.jpg]
[kb.dubaided.gov.ae/consumer protection/main BP_files/editdata.html]
[kb.dubaided.gov.ae/consumer protection/Intellectual property_files/filelist.xml]
[kb.dubaided.gov.ae/consumer protection/Intellectual property_files/preview.wmf]
[kb.dubaided.gov.ae/consumer protection/CR E_files/editdata.html]
[kb.dubaided.gov.ae/consumer protection/Intellectual property_files/themedata.thmx]
[kb.dubaided.gov.ae/consumer protection/Intellectual property_files/colorschememapping.xml]
[kb.dubaided.gov.ae/consumer protection/Intellectual property_files/image002.jpg]
[kb.dubaided.gov.ae/consumer protection/Intellectual property_files/image003.png]
[kb.dubaided.gov.ae/consumer protection/Intellectual property_files/image004.png]
[kb.dubaided.gov.ae/consumer protection/Intellectual property_files/image006.jpg]
[kb.dubaided.gov.ae/consumer protection/Intellectual property_files/image007.jpg]
[kb.dubaided.gov.ae/consumer protection/Scope Of Support.html]
[kb.dubaided.gov.ae/consumer protection/Inspection Centers_files/filelist.xml]
[kb.dubaided.gov.ae/consumer protection/Inspection Centers_files/themedata.thmx]
[kb.dubaided.gov.ae/consumer protection/Intellectual property_files/image009.png]
[kb.dubaided.gov.ae/consumer protection/Out of Scope.html]
[kb.dubaided.gov.ae/consumer protection/Inspection Centers_files/colorschememapping.xml]
[kb.dubaided.gov.ae/consumer protection/Inspection Centers_files/image004.jpg]
[kb.dubaided.gov.ae/consumer protection/Inspection Centers_files/image005.jpg]
[kb.dubaided.gov.ae/consumer protection/Alternate inspector.html]
[kb.dubaided.gov.ae/consumer protection/Precautionary measures_files/filelist.xml]
[kb.dubaided.gov.ae/consumer protection/Precautionary measures_files/preview.wmf]
[kb.dubaided.gov.ae/consumer protection/Precautionary measures_files/themedata.thmx]
[kb.dubaided.gov.ae/consumer protection/Assignment FWP.html]
[kb.dubaided.gov.ae/consumer protection/Executive Council and Federal Entities.html]
[kb.dubaided.gov.ae/consumer protection/Tourist CMP.html]
[kb.dubaided.gov.ae/consumer protection/Precautionary measures_files/image001.jpg]
[kb.dubaided.gov.ae/consumer protection/Precautionary measures_files/colorschememapping.xml]
[kb.dubaided.gov.ae/consumer protection/Precautionary measures_files/image004.jpg]
[kb.dubaided.gov.ae/consumer protection/Friendly Standards_files/filelist.xml]
[kb.dubaided.gov.ae/consumer protection/Friendly Standards_files/themedata.thmx]
[kb.dubaided.gov.ae/consumer protection/Friendly Standards_files/colorschememapping.xml]
[kb.dubaided.gov.ae/consumer protection/Friendly Standards_files/image002.jpg]
[kb.dubaided.gov.ae/consumer protection/New CMP.html]
[kb.dubaided.gov.ae/consumer protection/Reopen complaint.html]
[kb.dubaided.gov.ae/consumer protection/حمايةالأعمال_files/filelist.xml]
[kb.dubaided.gov.ae/consumer protection/حمايةالأعمال_files/themedata.thmx]
[kb.dubaided.gov.ae/consumer protection/حمايةالأعمال_files/colorschememapping.xml]
[kb.dubaided.gov.ae/consumer protection/حمايةالأعمال_files/image003.jpg]
[kb.dubaided.gov.ae/consumer protection/main CC_files/filelist.xml]
[kb.dubaided.gov.ae/consumer protection/main CC_files/themedata.thmx]
[kb.dubaided.gov.ae/consumer protection/main CC_files/colorschememapping.xml]
[kb.dubaided.gov.ae/consumer protection/هواتف الامارات الاخرى.html]
[kb.dubaided.gov.ae/consumer protection/Follow up.html]
[kb.dubaided.gov.ae/consumer protection/Price list Approval.html]
[kb.dubaided.gov.ae/consumer protection/Intellectual property_files/editdata.html]
[kb.dubaided.gov.ae/Old files/Ahlan Dubai/consumer protection/الملكية الفكرية.html]
[kb.dubaided.gov.ae/consumer protection/Inspection Centers_files/editdata.html]
[kb.dubaided.gov.ae/consumer protection/Precautionary measures_files/editdata.html]
[kb.dubaided.gov.ae/consumer protection/main CC_files/image002.jpg]
[kb.dubaided.gov.ae/consumer protection/الملكية الفكرية_files/filelist.xml]
[kb.dubaided.gov.ae/consumer protection/Friendly Standards_files/editdata.html]
[kb.dubaided.gov.ae/consumer protection/الملكية الفكرية_files/preview.wmf]
[kb.dubaided.gov.ae/consumer protection/الملكية الفكرية_files/themedata.thmx]
[kb.dubaided.gov.ae/consumer protection/حمايةالأعمال_files/editdata.html]
[kb.dubaided.gov.ae/consumer protection/الملكية الفكرية_files/image002.jpg]
[kb.dubaided.gov.ae/consumer protection/main CC_files/editdata.html]
[kb.dubaided.gov.ae/consumer protection/الملكية الفكرية_files/colorschememapping.xml]
[kb.dubaided.gov.ae/consumer protection/الملكية الفكرية_files/image006.jpg]
[kb.dubaided.gov.ae/consumer protection/الملكية الفكرية_files/image008.png]
[kb.dubaided.gov.ae/consumer protection/مراكز التفتيش_files/filelist.xml]
[kb.dubaided.gov.ae/consumer protection/مراكز التفتيش_files/themedata.thmx]
[kb.dubaided.gov.ae/consumer protection/مراكز التفتيش_files/colorschememapping.xml]
[kb.dubaided.gov.ae/consumer protection/مراكز التفتيش_files/image002.jpg]
[kb.dubaided.gov.ae/consumer protection/مراكز التفتيش_files/image004.jpg]
[kb.dubaided.gov.ae/consumer protection/خارج حماية المستهلك.html]
[kb.dubaided.gov.ae/consumer protection/مراكز التفتيش_files/image005.jpg]
[kb.dubaided.gov.ae/consumer protection/الإجراءات الاحترازية_files/filelist.xml]
[kb.dubaided.gov.ae/consumer protection/الإجراءات الاحترازية_files/preview.wmf]
[kb.dubaided.gov.ae/consumer protection/إختصاص حماية المستهلك.html]
[kb.dubaided.gov.ae/consumer protection/الإجراءات الاحترازية_files/themedata.thmx]
[kb.dubaided.gov.ae/consumer protection/الإجراءات الاحترازية_files/colorschememapping.xml]
[kb.dubaided.gov.ae/consumer protection/الإجراءات الاحترازية_files/image003.jpg]
[kb.dubaided.gov.ae/consumer protection/المفتش المناوب.html]
[kb.dubaided.gov.ae/consumer protection/الإجراءات الاحترازية_files/image001.png]
[kb.dubaided.gov.ae/consumer protection/المعايير الصديقة للمستهلك_files/themedata.thmx]
[kb.dubaided.gov.ae/consumer protection/المعايير الصديقة للمستهلك_files/filelist.xml]
[kb.dubaided.gov.ae/consumer protection/تخصيص متابعة.html]
[kb.dubaided.gov.ae/FDI/FDI_Services_English_files/filelist.xml]
[kb.dubaided.gov.ae/consumer protection/المعايير الصديقة للمستهلك_files/colorschememapping.xml]
[kb.dubaided.gov.ae/consumer protection/المعايير الصديقة للمستهلك_files/image003.jpg]
[kb.dubaided.gov.ae/consumer protection/شكوى سائح.html]
[kb.dubaided.gov.ae/consumer protection/Scope Of Support_files/filelist.xml]
[kb.dubaided.gov.ae/FDI/FDI_Services_English_files/themedata.thmx]
[kb.dubaided.gov.ae/FDI/FDI_Services_English_files/colorschememapping.xml]
[kb.dubaided.gov.ae/consumer protection/جهات اتحادية ومحلية.html]
[kb.dubaided.gov.ae/consumer protection/Scope Of Support_files/colorschememapping.xml]
[kb.dubaided.gov.ae/consumer protection/Scope Of Support_files/preview.wmf]
[kb.dubaided.gov.ae/consumer protection/Scope Of Support_files/themedata.thmx]
[kb.dubaided.gov.ae/consumer protection/متابعة.html]
[kb.dubaided.gov.ae/consumer protection/Scope Of Support_files/image002.jpg]
[kb.dubaided.gov.ae/consumer protection/Scope Of Support_files/image003.jpg]
[kb.dubaided.gov.ae/consumer protection/Out of Scope_files/filelist.xml]
[kb.dubaided.gov.ae/consumer protection/شكوى جديدة.html]
[kb.dubaided.gov.ae/consumer protection/Out of Scope_files/preview.wmf]
[kb.dubaided.gov.ae/consumer protection/Out of Scope_files/themedata.thmx]
[kb.dubaided.gov.ae/consumer protection/Out of Scope_files/colorschememapping.xml]
[kb.dubaided.gov.ae/consumer protection/Out of Scope_files/image004.jpg]
[kb.dubaided.gov.ae/consumer protection/Alternate inspector_files/filelist.xml]
[kb.dubaided.gov.ae/consumer protection/Out of Scope_files/image005.jpg]
[kb.dubaided.gov.ae/consumer protection/Alternate inspector_files/preview.wmf]
[kb.dubaided.gov.ae/consumer protection/Alternate inspector_files/themedata.thmx]
[kb.dubaided.gov.ae/consumer protection/Alternate inspector_files/colorschememapping.xml]
[kb.dubaided.gov.ae/consumer protection/الكتاب الازرق.html]
[kb.dubaided.gov.ae/consumer protection/Alternate inspector_files/image002.jpg]
[kb.dubaided.gov.ae/consumer protection/Alternate inspector_files/image004.jpg]
[kb.dubaided.gov.ae/consumer protection/Alternate inspector_files/image006.jpg]
[kb.dubaided.gov.ae/consumer protection/اعتماد الاسعار.html]
[kb.dubaided.gov.ae/consumer protection/الملكية الفكرية_files/editdata.html]
[kb.dubaided.gov.ae/consumer protection/مراكز التفتيش_files/editdata.html]
[kb.dubaided.gov.ae/consumer protection/Alternate inspector_files/image008.jpg]
[kb.dubaided.gov.ae/consumer protection/الإجراءات الاحترازية_files/editdata.html]
[kb.dubaided.gov.ae/consumer protection/Assignment FWP_files/filelist.xml]
[kb.dubaided.gov.ae/consumer protection/Assignment FWP_files/preview.wmf]
[kb.dubaided.gov.ae/consumer protection/Assignment FWP_files/themedata.thmx]
[kb.dubaided.gov.ae/consumer protection/المعايير الصديقة للمستهلك_files/editdata.html]
[kb.dubaided.gov.ae/consumer protection/Assignment FWP_files/colorschememapping.xml]
[kb.dubaided.gov.ae/consumer protection/Scope Of Support_files/editdata.html]
[kb.dubaided.gov.ae/consumer protection/Assignment FWP_files/image003.jpg]
[kb.dubaided.gov.ae/consumer protection/Assignment FWP_files/image004.jpg]
[kb.dubaided.gov.ae/consumer protection/Out of Scope_files/editdata.html]
[kb.dubaided.gov.ae/consumer protection/Assignment FWP_files/image002.jpg]
[kb.dubaided.gov.ae/consumer protection/Alternate inspector_files/editdata.html]
[kb.dubaided.gov.ae/consumer protection/Assignment FWP_files/image005.jpg]
[kb.dubaided.gov.ae/consumer protection/Assignment FWP_files/editdata.html]
[kb.dubaided.gov.ae/consumer protection/Assignment FWP_files/image006.jpg]
[kb.dubaided.gov.ae/consumer protection/Assignment FWP_files/image007.jpg]
[kb.dubaided.gov.ae/consumer protection/Executive Council and Federal Entities_files/filelist.xml]
[kb.dubaided.gov.ae/consumer protection/Executive Council and Federal Entities_files/themedata.thmx]
[kb.dubaided.gov.ae/consumer protection/Executive Council and Federal Entities_files/colorschememapping.xml]
[kb.dubaided.gov.ae/consumer protection/New CMP_files/filelist.xml]
[kb.dubaided.gov.ae/consumer protection/New CMP_files/preview.wmf]
[kb.dubaided.gov.ae/consumer protection/New CMP_files/themedata.thmx]
[kb.dubaided.gov.ae/consumer protection/New CMP_files/colorschememapping.xml]
[kb.dubaided.gov.ae/consumer protection/New CMP_files/image002.jpg]
[kb.dubaided.gov.ae/consumer protection/New CMP_files/editdata.html]
[kb.dubaided.gov.ae/consumer protection/Reopen complaint_files/filelist.xml]
[kb.dubaided.gov.ae/consumer protection/Reopen complaint_files/themedata.thmx]
[kb.dubaided.gov.ae/consumer protection/Reopen complaint_files/colorschememapping.xml]
[kb.dubaided.gov.ae/consumer protection/هواتف الامارات الاخرى_files/filelist.xml]
[kb.dubaided.gov.ae/consumer protection/هواتف الامارات الاخرى_files/preview.wmf]
[kb.dubaided.gov.ae/consumer protection/هواتف الامارات الاخرى_files/themedata.thmx]
[kb.dubaided.gov.ae/consumer protection/هواتف الامارات الاخرى_files/colorschememapping.xml]
[kb.dubaided.gov.ae/consumer protection/هواتف الامارات الاخرى_files/image002.jpg]
[kb.dubaided.gov.ae/consumer protection/هواتف الامارات الاخرى_files/editdata.html]
[kb.dubaided.gov.ae/consumer protection/هواتف الامارات الاخرى_files/image005.jpg]
[kb.dubaided.gov.ae/consumer protection/Follow up_files/filelist.xml]
[kb.dubaided.gov.ae/consumer protection/Follow up_files/themedata.thmx]
[kb.dubaided.gov.ae/consumer protection/Follow up_files/colorschememapping.xml]
[kb.dubaided.gov.ae/consumer protection/Follow up_files/editdata.html]
[kb.dubaided.gov.ae/consumer protection/Follow up_files/image002.png]
[kb.dubaided.gov.ae/consumer protection/Follow up_files/image004.png]
[kb.dubaided.gov.ae/consumer protection/Follow up_files/image005.jpg]
[kb.dubaided.gov.ae/consumer protection/Price list Approval_files/filelist.xml]
[kb.dubaided.gov.ae/consumer protection/Price list Approval_files/editdata.html]
[kb.dubaided.gov.ae/consumer protection/Price list Approval_files/themedata.thmx]
[kb.dubaided.gov.ae/consumer protection/Price list Approval_files/colorschememapping.xml]
[kb.dubaided.gov.ae/consumer protection/Price list Approval_files/image002.jpg]
[kb.dubaided.gov.ae/consumer protection/خارج حماية المستهلك_files/filelist.xml]
[kb.dubaided.gov.ae/consumer protection/خارج حماية المستهلك_files/preview.wmf]
[kb.dubaided.gov.ae/consumer protection/خارج حماية المستهلك_files/themedata.thmx]
[kb.dubaided.gov.ae/consumer protection/خارج حماية المستهلك_files/colorschememapping.xml]
[kb.dubaided.gov.ae/consumer protection/خارج حماية المستهلك_files/image003.jpg]
[kb.dubaided.gov.ae/consumer protection/خارج حماية المستهلك_files/editdata.html]
[kb.dubaided.gov.ae/consumer protection/إختصاص حماية المستهلك_files/filelist.xml]
[kb.dubaided.gov.ae/consumer protection/إختصاص حماية المستهلك_files/preview.wmf]
[kb.dubaided.gov.ae/consumer protection/إختصاص حماية المستهلك_files/themedata.thmx]
[kb.dubaided.gov.ae/consumer protection/إختصاص حماية المستهلك_files/colorschememapping.xml]
[kb.dubaided.gov.ae/consumer protection/إختصاص حماية المستهلك_files/image003.jpg]
[kb.dubaided.gov.ae/consumer protection/إختصاص حماية المستهلك_files/editdata.html]
[kb.dubaided.gov.ae/consumer protection/إختصاص حماية المستهلك_files/image005.jpg]
[kb.dubaided.gov.ae/consumer protection/المفتش المناوب_files/filelist.xml]
[kb.dubaided.gov.ae/consumer protection/المفتش المناوب_files/themedata.thmx]
[kb.dubaided.gov.ae/consumer protection/المفتش المناوب_files/colorschememapping.xml]
[kb.dubaided.gov.ae/consumer protection/المفتش المناوب_files/image003.jpg]
[kb.dubaided.gov.ae/consumer protection/المفتش المناوب_files/editdata.html]
[kb.dubaided.gov.ae/consumer protection/تخصيص متابعة_files/filelist.xml]
[kb.dubaided.gov.ae/consumer protection/تخصيص متابعة_files/preview.wmf]
[kb.dubaided.gov.ae/consumer protection/تخصيص متابعة_files/themedata.thmx]
[kb.dubaided.gov.ae/consumer protection/تخصيص متابعة_files/colorschememapping.xml]
[kb.dubaided.gov.ae/consumer protection/تخصيص متابعة_files/editdata.html]
[kb.dubaided.gov.ae/consumer protection/تخصيص متابعة_files/image002.jpg]
[kb.dubaided.gov.ae/consumer protection/تخصيص متابعة_files/image004.jpg]
[kb.dubaided.gov.ae/consumer protection/تخصيص متابعة_files/image003.jpg]
[kb.dubaided.gov.ae/consumer protection/تخصيص متابعة_files/image005.jpg]
[kb.dubaided.gov.ae/consumer protection/تخصيص متابعة_files/image006.jpg]
[kb.dubaided.gov.ae/consumer protection/تخصيص متابعة_files/image007.jpg]
[kb.dubaided.gov.ae/consumer protection/شكوى سائح_files/filelist.xml]
[kb.dubaided.gov.ae/consumer protection/شكوى سائح_files/themedata.thmx]
[kb.dubaided.gov.ae/consumer protection/شكوى سائح_files/editdata.html]
[kb.dubaided.gov.ae/consumer protection/شكوى سائح_files/colorschememapping.xml]
[kb.dubaided.gov.ae/consumer protection/شكوى سائح_files/image004.jpg]
[kb.dubaided.gov.ae/consumer protection/جهات اتحادية ومحلية_files/filelist.xml]
[kb.dubaided.gov.ae/consumer protection/جهات اتحادية ومحلية_files/preview.wmf]
[kb.dubaided.gov.ae/consumer protection/جهات اتحادية ومحلية_files/themedata.thmx]
[kb.dubaided.gov.ae/consumer protection/جهات اتحادية ومحلية_files/editdata.html]
[kb.dubaided.gov.ae/consumer protection/جهات اتحادية ومحلية_files/colorschememapping.xml]
[kb.dubaided.gov.ae/consumer protection/جهات اتحادية ومحلية_files/image002.jpg]
[kb.dubaided.gov.ae/consumer protection/متابعة_files/filelist.xml]
[kb.dubaided.gov.ae/consumer protection/متابعة_files/themedata.thmx]
[kb.dubaided.gov.ae/consumer protection/متابعة_files/colorschememapping.xml]
[kb.dubaided.gov.ae/consumer protection/متابعة_files/editdata.html]
[kb.dubaided.gov.ae/consumer protection/متابعة_files/image003.jpg]
[kb.dubaided.gov.ae/consumer protection/متابعة_files/image002.jpg]
[kb.dubaided.gov.ae/consumer protection/شكوى جديدة_files/filelist.xml]
[kb.dubaided.gov.ae/consumer protection/شكوى جديدة_files/themedata.thmx]
[kb.dubaided.gov.ae/consumer protection/شكوى جديدة_files/colorschememapping.xml]
[kb.dubaided.gov.ae/consumer protection/شكوى جديدة_files/editdata.html]
[kb.dubaided.gov.ae/consumer protection/شكوى جديدة_files/image003.jpg]
[kb.dubaided.gov.ae/consumer protection/الكتاب الازرق_files/filelist.xml]
[kb.dubaided.gov.ae/consumer protection/الكتاب الازرق_files/preview.wmf]
[kb.dubaided.gov.ae/consumer protection/الكتاب الازرق_files/themedata.thmx]
[kb.dubaided.gov.ae/consumer protection/الكتاب الازرق_files/editdata.html]
[kb.dubaided.gov.ae/consumer protection/الكتاب الازرق_files/colorschememapping.xml]
[kb.dubaided.gov.ae/consumer protection/الكتاب الازرق_files/image005.jpg]
[kb.dubaided.gov.ae/consumer protection/الكتاب الازرق_files/image007.jpg]
[kb.dubaided.gov.ae/consumer protection/الكتاب الازرق_files/image006.jpg]
[kb.dubaided.gov.ae/Old files/Ahlan Dubai/consumer protection/what is the consumer.html]
[kb.dubaided.gov.ae/consumer protection/اعتماد الاسعار_files/filelist.xml]
[kb.dubaided.gov.ae/Old files/Ahlan Dubai/consumer protection/how does this benefit for retailer.html]
[kb.dubaided.gov.ae/consumer protection/اعتماد الاسعار_files/editdata.html]
[kb.dubaided.gov.ae/consumer protection/اعتماد الاسعار_files/themedata.thmx]
[kb.dubaided.gov.ae/consumer protection/اعتماد الاسعار_files/image002.jpg]
[kb.dubaided.gov.ae/consumer protection/اعتماد الاسعار_files/colorschememapping.xml]
